[... 760 line(s) omitted ...]
15.925: [GC pause (young)-- 254M->255M(256M), 0.0023087 secs]
15.928: [Full GC 255M->32M(109M), 0.0585270 secs]
15.987: [GC concurrent-mark-abort]
15.999: [GC pause (young) 51M->51M(109M), 0.0181285 secs]
16.022: [GC pause (young) 58M->58M(139M), 0.0084855 secs]
[... 310 line(s) omitted ...]
22.908: [GC pause (young)-- 254M->255M(256M), 0.0022138 secs]
22.917: [Full GC 255M->33M(112M), 0.0634108 secs]
22.980: [GC concurrent-mark-abort]
22.994: [GC pause (young) 52M->52M(112M), 0.0157362 secs]
23.014: [GC pause (young) 60M->60M(141M), 0.0085106 secs]
[... 102 line(s) omitted ...]
25.685: [GC pause (young)-- 254M->256M(256M), 0.0014250 secs]
25.703: [Full GC 256M->21M(72M), 0.0803183 secs]
25.792: [GC concurrent-mark-abort]
25.802: [GC pause (young) 34M->34M(72M), 0.0115899 secs]
25.818: [GC pause (young) 43M->43M(109M), 0.0086895 secs]
[... 534 line(s) omitted ...]
37.220: [GC pause (young)-- 254M->255M(256M), 0.0367172 secs]
37.257: [Full GC 255M->27M(92M), 0.1115957 secs]
37.369: [GC concurrent-mark-abort]
37.388: [GC pause (young) 43M->43M(92M), 0.0263047 secs]
37.419: [GC pause (young) 49M->49M(125M), 0.0133398 secs]
[... 1241 line(s) omitted ...]
77.250: [GC pause (young)-- 254M->255M(256M), 0.0041810 secs]
77.256: [Full GC 255M->25M(87M), 0.1581177 secs]
77.417: [GC concurrent-mark-abort]
77.435: [GC pause (young) 40M->40M(87M), 0.0249578 secs]
77.472: [GC pause (young) 51M->51M(121M), 0.0231226 secs]
[... 1489 line(s) omitted ...]